162.142.125.13 - - [29/Mar/2023:17:50:06 +0000] "GET / HTTP/1.1" 500 94635 "-" "Mozilla/5.0 (compatible; CensysInspect/1.1; +https://about.censys.io/)"
162.142.125.13 - - [29/Mar/2023:17:50:09 +0000] "PRI * HTTP/2.0" 400 484 "-" "-"
51.79.29.48 - - [29/Mar/2023:18:07:28 +0000] "POST / HTTP/1.1" 500 800 "-" "Mozilla/5.0 (X11; Linux x86_64) AppleWebKit/537.36 (KHTML, like Gecko) Chrome/81.0.4044.129 Safari/537.36"
51.79.29.48 - - [29/Mar/2023:18:07:28 +0000] "GET /.env HTTP/1.1" 500 800 "-" "Mozilla/5.0 (X11; Linux x86_64) AppleWebKit/537.36 (KHTML, like Gecko) Chrome/81.0.4044.129 Safari/537.36"
95.214.235.216 - - [29/Mar/2023:18:07:56 +0000] "GET /.env HTTP/1.1" 500 800 "-" "Mozilla/5.0 (X11; Linux x86_64) AppleWebKit/537.36 (KHTML, like Gecko) Chrome/81.0.4044.129 Safari/537.36"
95.214.235.216 - - [29/Mar/2023:18:07:56 +0000] "POST / HTTP/1.1" 500 800 "-" "Mozilla/5.0 (X11; Linux x86_64) AppleWebKit/537.36 (KHTML, like Gecko) Chrome/81.0.4044.129 Safari/537.36"
45.33.94.225 - - [29/Mar/2023:18:08:49 +0000] "\x16\x03" 400 484 "-" "-"
45.33.94.225 - - [29/Mar/2023:18:08:49 +0000] "GET /MOoQ HTTP/1.1" 500 800 "-" "Mozilla/5.0 (compatible; Nmap Scripting Engine; https://nmap.org/book/nse.html)"
45.33.94.225 - - [29/Mar/2023:18:08:49 +0000] "GET /LxGR HTTP/1.1" 500 800 "-" "Mozilla/5.0 (compatible; Nmap Scripting Engine; https://nmap.org/book/nse.html)"
5.188.62.174 - - [29/Mar/2023:18:09:04 +0000] "GET / HTTP/1.1" 500 798 "-" "Mozilla/5.0 (Windows NT 6.1; WOW64) AppleWebKit/537.36 (KHTML, like Gecko) Chrome/100.0.4895.86 Safari/537.36"
162.158.63.70 - - [29/Mar/2023:18:12:46 +0000] "GET / HTTP/1.1" 500 797 "-" "Mozilla/5.0 (Windows NT 10.0; WOW64) AppleWebKit/537.36 (KHTML, like Gecko) Chrome/102.0.5005.63 Safari/537.36"
162.158.62.73 - - [29/Mar/2023:18:14:12 +0000] "GET / HTTP/1.1" 500 808 "-" "Mozilla/5.0 (Macintosh; Intel Mac OS X 10_15_7) AppleWebKit/605.1.15 (KHTML, like Gecko) Version/16.1 Safari/605.1.15"
162.158.63.96 - - [29/Mar/2023:18:14:20 +0000] "GET / HTTP/1.1" 500 797 "-" "Mozilla/5.0 (Macintosh; Intel Mac OS X 10_15_7) AppleWebKit/605.1.15 (KHTML, like Gecko) Version/16.1 Safari/605.1.15"
162.158.63.96 - - [29/Mar/2023:18:14:21 +0000] "GET / HTTP/1.1" 500 797 "-" "Mozilla/5.0 (Macintosh; Intel Mac OS X 10_15_7) AppleWebKit/605.1.15 (KHTML, like Gecko) Version/16.1 Safari/605.1.15"
162.158.62.72 - - [29/Mar/2023:18:14:26 +0000] "GET / HTTP/1.1" 500 808 "-" "Mozilla/5.0 (Macintosh; Intel Mac OS X 10_15_7) AppleWebKit/605.1.15 (KHTML, like Gecko) Version/16.1 Safari/605.1.15"
180.149.125.170 - - [29/Mar/2023:18:15:34 +0000] "GET / HTTP/1.1" 500 800 "-" "Mozilla/5.0 (Windows NT 5.1; Win64; x64) AppleWebKit/537.36 (KHTML, like Gecko) Chrome/60.0.3112.90 Safari/537.36"
162.158.62.72 - - [29/Mar/2023:18:16:02 +0000] "GET / HTTP/1.1" 500 808 "-" "Mozilla/5.0 (Macintosh; Intel Mac OS X 10_15_7) AppleWebKit/605.1.15 (KHTML, like Gecko) Version/16.1 Safari/605.1.15"
162.158.62.72 - - [29/Mar/2023:18:16:17 +0000] "GET / HTTP/1.1" 500 808 "-" "Mozilla/5.0 (Macintosh; Intel Mac OS X 10_15_7) AppleWebKit/605.1.15 (KHTML, like Gecko) Version/16.1 Safari/605.1.15"
162.158.62.73 - - [29/Mar/2023:18:16:18 +0000] "GET / HTTP/1.1" 500 808 "-" "Mozilla/5.0 (Macintosh; Intel Mac OS X 10_15_7) AppleWebKit/605.1.15 (KHTML, like Gecko) Version/16.1 Safari/605.1.15"
162.158.62.72 - - [29/Mar/2023:18:16:21 +0000] "GET / HTTP/1.1" 500 808 "-" "Mozilla/5.0 (Macintosh; Intel Mac OS X 10_15_7) AppleWebKit/605.1.15 (KHTML, like Gecko) Version/16.1 Safari/605.1.15"
162.158.62.72 - - [29/Mar/2023:18:16:23 +0000] "GET / HTTP/1.1" 500 808 "-" "Mozilla/5.0 (Macintosh; Intel Mac OS X 10_15_7) AppleWebKit/605.1.15 (KHTML, like Gecko) Version/16.1 Safari/605.1.15"
162.158.63.96 - - [29/Mar/2023:18:27:05 +0000] "GET / HTTP/1.1" 500 797 "-" "Apache-HttpClient/5.1.4 (Java/11.0.18)"
162.158.62.166 - - [29/Mar/2023:18:27:05 +0000] "HEAD / HTTP/1.1" 500 171 "-" "Mozilla/5.0 (Macintosh; Intel Mac OS X 10_15_7) AppleWebKit/537.36 (KHTML, like Gecko) Chrome/107.0.0.0 Safari/537.36"
162.158.62.176 - - [29/Mar/2023:18:27:06 +0000] "HEAD / HTTP/1.1" 500 171 "-" "Mozilla/5.0 (Macintosh; Intel Mac OS X 10_15_7) AppleWebKit/537.36 (KHTML, like Gecko) Chrome/107.0.0.0 Safari/537.36"
162.158.62.22 - - [29/Mar/2023:18:30:12 +0000] "GET / HTTP/1.1" 500 808 "-" "Mozilla/5.0 (Macintosh; Intel Mac OS X 10_15_7) AppleWebKit/605.1.15 (KHTML, like Gecko) Version/16.1 Safari/605.1.15"
162.158.63.96 - - [29/Mar/2023:18:32:11 +0000] "GET / HTTP/1.1" 500 797 "-" "Mozilla/5.0 (Macintosh; Intel Mac OS X 12_1) AppleWebKit/537.36 (KHTML, like Gecko) Chrome/96.0.4664.110 Safari/537.36"
162.158.63.96 - - [29/Mar/2023:18:32:11 +0000] "GET / HTTP/1.1" 500 797 "-" "Mozilla/5.0 (Macintosh; Intel Mac OS X 12_1) AppleWebKit/537.36 (KHTML, like Gecko) Chrome/96.0.4664.110 Safari/537.36"
162.158.63.95 - - [29/Mar/2023:18:32:11 +0000] "GET / HTTP/1.1" 500 797 "-" "Mozilla/5.0 (Macintosh; Intel Mac OS X 12_1) AppleWebKit/537.36 (KHTML, like Gecko) Chrome/96.0.4664.110 Safari/537.36"
162.158.63.96 - - [29/Mar/2023:18:32:11 +0000] "GET / HTTP/1.1" 500 797 "-" "Mozilla/5.0 (Macintosh; Intel Mac OS X 12_1) AppleWebKit/537.36 (KHTML, like Gecko) Chrome/96.0.4664.110 Safari/537.36"
162.158.62.177 - - [29/Mar/2023:18:32:12 +0000] "GET / HTTP/1.1" 500 797 "-" "Mozilla/5.0 (Macintosh; Intel Mac OS X 12_1) AppleWebKit/537.36 (KHTML, like Gecko) Chrome/96.0.4664.110 Safari/537.36"
162.158.62.167 - - [29/Mar/2023:18:36:01 +0000] "GET / HTTP/1.1" 500 797 "-" "Mozilla/5.0 (Macintosh; Intel Mac OS X 10_15_7) AppleWebKit/605.1.15 (KHTML, like Gecko) Version/16.1 Safari/605.1.15"
162.158.63.156 - - [29/Mar/2023:18:41:37 +0000] "GET / HTTP/1.1" 500 808 "-" "Mozilla/5.0 (Macintosh; Intel Mac OS X 10_15_7) AppleWebKit/605.1.15 (KHTML, like Gecko) Version/16.1 Safari/605.1.15"
34.214.222.223 - - [29/Mar/2023:18:41:51 +0000] "GET / HTTP/1.1" 500 806 "-" "Mozilla/5.0 (Windows NT 10.0; Win64; x64)AppleWebKit/537.36 (KHTML, like Gecko) Chrome/66.0.3359.181 Safari/537.36"
45.79.181.179 - - [29/Mar/2023:18:49:18 +0000] "\x16\x03\x01" 400 484 "-" "-"
198.199.95.29 - - [29/Mar/2023:18:51:16 +0000] "GET /druid/index.html HTTP/1.1" 500 799 "-" "Mozilla/5.0 zgrab/0.x"
45.79.181.251 - - [29/Mar/2023:18:58:57 +0000] "\x16\x03\x01" 400 484 "-" "-"
162.158.62.23 - - [29/Mar/2023:18:59:05 +0000] "GET / HTTP/1.1" 500 96054 "-" "Mozilla/5.0 (Macintosh; Intel Mac OS X 10_15_7) AppleWebKit/605.1.15 (KHTML, like Gecko) Version/16.1 Safari/605.1.15"
162.158.62.176 - - [29/Mar/2023:18:59:24 +0000] "GET / HTTP/1.1" 400 62976 "-" "Mozilla/5.0 (Macintosh; Intel Mac OS X 10_15_7) AppleWebKit/605.1.15 (KHTML, like Gecko) Version/16.1 Safari/605.1.15"
143.110.222.166 - - [29/Mar/2023:19:02:04 +0000] "GET / HTTP/1.1" 500 94717 "-" "Mozilla/5.0 (iPhone; CPU iPhone OS 16_1 like Mac OS X) AppleWebKit/605.1.15 (KHTML, like Gecko) Version/16.1 Mobile/15E148 Safari/604.1"
162.158.63.156 - - [29/Mar/2023:19:04:53 +0000] "GET / HTTP/1.1" 500 96055 "-" "Mozilla/5.0 (Macintosh; Intel Mac OS X 10_15_7) AppleWebKit/605.1.15 (KHTML, like Gecko) Version/16.1 Safari/605.1.15"
193.32.162.159 - - [29/Mar/2023:19:07:54 +0000] "GET / HTTP/1.1" 400 62332 "-" "Mozilla/5.0 (Windows NT 10.0; Win64; x64) AppleWebKit/537.36 (KHTML, like Gecko) Chrome/90.0.4430.85 Safari/537.36 Edg/90.0.818.46"
162.158.62.72 - - [29/Mar/2023:19:08:43 +0000] "GET / HTTP/1.1" 500 96054 "-" "Mozilla/5.0 (Macintosh; Intel Mac OS X 10_15_7) AppleWebKit/605.1.15 (KHTML, like Gecko) Version/16.1 Safari/605.1.15"
162.158.62.73 - - [29/Mar/2023:19:09:00 +0000] "GET / HTTP/1.1" 200 2140 "-" "Mozilla/5.0 (Macintosh; Intel Mac OS X 10_15_7) AppleWebKit/605.1.15 (KHTML, like Gecko) Version/16.1 Safari/605.1.15"
162.158.62.4 - - [29/Mar/2023:19:09:02 +0000] "GET /static/css/index.css HTTP/1.1" 404 3004 "https://politician.vianne.dev/" "Mozilla/5.0 (Macintosh; Intel Mac OS X 10_15_7) AppleWebKit/605.1.15 (KHTML, like Gecko) Version/16.1 Safari/605.1.15"
193.32.162.159 - - [29/Mar/2023:19:10:16 +0000] "GET / HTTP/1.1" 400 62318 "-" "Mozilla/5.0 (Windows NT 10.0; Win64; x64) AppleWebKit/537.36 (KHTML, like Gecko) Chrome/90.0.4430.85 Safari/537.36 Edg/90.0.818.46"
162.158.62.72 - - [29/Mar/2023:19:11:20 +0000] "GET / HTTP/1.1" 200 2140 "-" "Mozilla/5.0 (Macintosh; Intel Mac OS X 10_15_7) AppleWebKit/605.1.15 (KHTML, like Gecko) Version/16.1 Safari/605.1.15"
162.158.63.102 - - [29/Mar/2023:19:16:35 +0000] "GET / HTTP/1.1" 400 62612 "-" "Mozilla/5.0 (Windows NT 10.0; Win64; x64) AppleWebKit/537.36 (KHTML, like Gecko) Chrome/80.0.3987.149 Safari/537.36"
104.165.199.162 - - [29/Mar/2023:19:21:05 +0000] "GET / HTTP/1.1" 400 61747 "-" "Mozilla/5.0 (Windows NT 10.0; WOW64) AppleWebKit/537.36 (KHTML, like Gecko) Chrome/102.0.5005.63 Safari/537.36"
51.107.9.39 - - [29/Mar/2023:19:21:57 +0000] "GET /wp-includes/css/modules.php HTTP/1.1" 400 61838 "-" "python-requests/2.27.1"
51.107.9.39 - - [29/Mar/2023:19:22:03 +0000] "GET /wso.php HTTP/1.1" 400 61558 "-" "python-requests/2.27.1"
51.107.9.39 - - [29/Mar/2023:19:22:05 +0000] "GET /wp-content/plugins/upspy/index.php HTTP/1.1" 400 61936 "-" "python-requests/2.27.1"
51.107.9.39 - - [29/Mar/2023:19:22:16 +0000] "GET /wp-content/plugins/ubh/index.php HTTP/1.1" 400 61908 "-" "python-requests/2.27.1"
51.107.9.39 - - [29/Mar/2023:19:22:19 +0000] "GET /wp-content/plugins/vwcleanerplugin/bump.php?cache HTTP/1.1" 400 62395 "-" "python-requests/2.27.1"
51.107.9.39 - - [29/Mar/2023:19:22:21 +0000] "GET /wp-content/plugins/xichang/x.php?xi HTTP/1.1" 400 62214 "-" "python-requests/2.27.1"
51.107.9.39 - - [29/Mar/2023:19:22:22 +0000] "GET /wp-content/plugins/html404/index.html HTTP/1.1" 400 61978 "-" "python-requests/2.27.1"
51.107.9.39 - - [29/Mar/2023:19:22:23 +0000] "GET /wp-admin/shapes.php HTTP/1.1" 400 61727 "-" "python-requests/2.27.1"
51.107.9.39 - - [29/Mar/2023:19:22:26 +0000] "GET /olux.php HTTP/1.1" 400 61573 "-" "python-requests/2.27.1"
51.107.9.39 - - [29/Mar/2023:19:22:28 +0000] "GET /indoxploit.php HTTP/1.1" 400 61657 "-" "python-requests/2.27.1"
51.107.9.39 - - [29/Mar/2023:19:22:30 +0000] "GET / HTTP/1.1" 400 61553 "-" "python-requests/2.27.1"
51.107.9.39 - - [29/Mar/2023:19:22:32 +0000] "GET /up.php HTTP/1.1" 400 61545 "-" "python-requests/2.27.1"
51.107.9.39 - - [29/Mar/2023:19:22:34 +0000] "GET /upload.php HTTP/1.1" 400 61601 "-" "python-requests/2.27.1"
51.107.9.39 - - [29/Mar/2023:19:22:47 +0000] "GET /wp-content/uploads/ HTTP/1.1" 400 61727 "-" "python-requests/2.27.1"
51.107.9.39 - - [29/Mar/2023:19:22:59 +0000] "GET /wp-content/uploads/2023/03/ HTTP/1.1" 400 61839 "-" "python-requests/2.27.1"
51.107.9.39 - - [29/Mar/2023:19:23:01 +0000] "GET /shell.php HTTP/1.1" 400 61587 "-" "python-requests/2.27.1"
51.107.9.39 - - [29/Mar/2023:19:23:19 +0000] "GET /wp-admin/network/wp-footer.php HTTP/1.1" 400 61881 "-" "python-requests/2.27.1"
51.107.9.39 - - [29/Mar/2023:19:23:32 +0000] "GET /wp-info.php HTTP/1.1" 400 61616 "-" "python-requests/2.27.1"
51.107.9.39 - - [29/Mar/2023:19:23:45 +0000] "GET /wp-content/vuln.php HTTP/1.1" 400 61728 "-" "python-requests/2.27.1"
51.107.9.39 - - [29/Mar/2023:19:23:58 +0000] "GET /upel.php HTTP/1.1" 400 61574 "-" "python-requests/2.27.1"
51.107.9.39 - - [29/Mar/2023:19:24:11 +0000] "GET /wp-content/plugins/ppus/up.php HTTP/1.1" 400 61882 "-" "python-requests/2.27.1"
51.107.9.39 - - [29/Mar/2023:19:24:15 +0000] "GET /098.php HTTP/1.1" 400 61560 "-" "python-requests/2.27.1"
51.107.9.39 - - [29/Mar/2023:19:24:18 +0000] "GET /V5.php HTTP/1.1" 400 61546 "-" "python-requests/2.27.1"
51.107.9.39 - - [29/Mar/2023:19:24:19 +0000] "GET /new_license.php HTTP/1.1" 400 61672 "-" "python-requests/2.27.1"
51.107.9.39 - - [29/Mar/2023:19:24:32 +0000] "GET /wp-content/plugins/theme-configurator/mini.php HTTP/1.1" 400 62106 "-" "python-requests/2.27.1"
51.107.9.39 - - [29/Mar/2023:19:24:34 +0000] "GET /wp-content/plugins/widget-logic/mini.php HTTP/1.1" 400 62022 "-" "python-requests/2.27.1"
51.107.9.39 - - [29/Mar/2023:19:24:36 +0000] "GET /wso.php HTTP/1.1" 400 61560 "-" "python-requests/2.27.1"
51.107.9.39 - - [29/Mar/2023:19:24:38 +0000] "GET /modules/modules/modules.php HTTP/1.1" 400 61840 "-" "python-requests/2.27.1"
51.107.9.39 - - [29/Mar/2023:19:24:41 +0000] "GET /modules/mod_simplefileuploadv1.3/elements/Clean.php HTTP/1.1" 400 62176 "-" "python-requests/2.27.1"
51.107.9.39 - - [29/Mar/2023:19:24:42 +0000] "GET /modules/mod_simplefileuploadv1.3/elements/udd.php HTTP/1.1" 400 62148 "-" "python-requests/2.27.1"
51.107.9.39 - - [29/Mar/2023:19:24:43 +0000] "GET /libraries/joomla/css.php HTTP/1.1" 400 61798 "-" "python-requests/2.27.1"
51.107.9.39 - - [29/Mar/2023:19:24:45 +0000] "GET /libraries/joomla/jmails.php?u HTTP/1.1" 400 62137 "-" "python-requests/2.27.1"
51.107.9.39 - - [29/Mar/2023:19:24:47 +0000] "GET /libraries/joomla/jmail.php?u HTTP/1.1" 400 62123 "-" "python-requests/2.27.1"
51.107.9.39 - - [29/Mar/2023:19:24:49 +0000] "GET /images/vuln.php HTTP/1.1" 400 61672 "-" "python-requests/2.27.1"
51.107.9.39 - - [29/Mar/2023:19:24:52 +0000] "GET /tmp/vuln.php HTTP/1.1" 400 61630 "-" "python-requests/2.27.1"
51.107.9.39 - - [29/Mar/2023:19:24:54 +0000] "GET /XxX.php HTTP/1.1" 400 61560 "-" "python-requests/2.27.1"
51.107.9.39 - - [29/Mar/2023:19:24:55 +0000] "GET /Marvins.php HTTP/1.1" 400 61616 "-" "python-requests/2.27.1"
51.107.9.39 - - [29/Mar/2023:19:24:57 +0000] "GET /rxr.php?rxr HTTP/1.1" 400 61875 "-" "python-requests/2.27.1"
51.107.9.39 - - [29/Mar/2023:19:25:00 +0000] "GET /olux.php HTTP/1.1" 400 61574 "-" "python-requests/2.27.1"
51.107.9.39 - - [29/Mar/2023:19:25:02 +0000] "GET /indoxploit.php HTTP/1.1" 400 61658 "-" "python-requests/2.27.1"
51.107.9.39 - - [29/Mar/2023:19:25:04 +0000] "GET /error.php HTTP/1.1" 400 61588 "-" "python-requests/2.27.1"
51.107.9.39 - - [29/Mar/2023:19:25:05 +0000] "GET /RxR.php HTTP/1.1" 400 61560 "-" "python-requests/2.27.1"
51.107.9.39 - - [29/Mar/2023:19:25:06 +0000] "GET /components/com_b2jcontact/izoc.php HTTP/1.1" 400 61938 "-" "python-requests/2.27.1"
51.107.9.39 - - [29/Mar/2023:19:25:08 +0000] "GET /V3.php HTTP/1.1" 400 61546 "-" "python-requests/2.27.1"
51.107.9.39 - - [29/Mar/2023:19:25:10 +0000] "GET /V5.php HTTP/1.1" 400 61546 "-" "python-requests/2.27.1"
51.107.9.39 - - [29/Mar/2023:19:25:12 +0000] "GET / HTTP/1.1" 400 61554 "-" "python-requests/2.27.1"
51.107.9.39 - - [29/Mar/2023:19:25:14 +0000] "GET /up.php HTTP/1.1" 400 61546 "-" "python-requests/2.27.1"
51.107.9.39 - - [29/Mar/2023:19:25:15 +0000] "GET /upload.php HTTP/1.1" 400 61602 "-" "python-requests/2.27.1"
51.107.9.39 - - [29/Mar/2023:19:25:16 +0000] "GET /shell.php HTTP/1.1" 400 61588 "-" "python-requests/2.27.1"
51.107.9.39 - - [29/Mar/2023:19:25:18 +0000] "GET /administrator/templates/bluestork/index.php HTTP/1.1" 400 62064 "-" "python-requests/2.27.1"
51.107.9.39 - - [29/Mar/2023:19:25:21 +0000] "GET /administrator/templates/bluestork/error.php HTTP/1.1" 400 62064 "-" "python-requests/2.27.1"
51.107.9.39 - - [29/Mar/2023:19:25:22 +0000] "GET /administrator/templates/hathor/index.php HTTP/1.1" 400 62022 "-" "python-requests/2.27.1"
51.107.9.39 - - [29/Mar/2023:19:25:25 +0000] "GET /administrator/templates/hathor/error.php HTTP/1.1" 400 62022 "-" "python-requests/2.27.1"
51.107.9.39 - - [29/Mar/2023:19:25:27 +0000] "GET /administrator/templates/isis/index.php HTTP/1.1" 400 61994 "-" "python-requests/2.27.1"
51.107.9.39 - - [29/Mar/2023:19:25:29 +0000] "GET /administrator/templates/isis/error.php HTTP/1.1" 400 61994 "-" "python-requests/2.27.1"
51.107.9.39 - - [29/Mar/2023:19:25:31 +0000] "GET /templates/beez/index.php HTTP/1.1" 400 61798 "-" "python-requests/2.27.1"
51.107.9.39 - - [29/Mar/2023:19:25:33 +0000] "GET /templates/ja_purity/index.php HTTP/1.1" 400 61868 "-" "python-requests/2.27.1"
51.107.9.39 - - [29/Mar/2023:19:25:35 +0000] "GET /templates/rhuk_milkyway/index.php HTTP/1.1" 400 61924 "-" "python-requests/2.27.1"
51.107.9.39 - - [29/Mar/2023:19:25:37 +0000] "GET /templates/system/index.php HTTP/1.1" 400 61826 "-" "python-requests/2.27.1"
51.107.9.39 - - [29/Mar/2023:19:25:39 +0000] "GET /templates/system/error.php HTTP/1.1" 400 61826 "-" "python-requests/2.27.1"
51.107.9.39 - - [29/Mar/2023:19:25:40 +0000] "GET /templates/beez3/index.php HTTP/1.1" 400 61812 "-" "python-requests/2.27.1"
51.107.9.39 - - [29/Mar/2023:19:25:41 +0000] "GET /templates/beez3/error.php HTTP/1.1" 400 61812 "-" "python-requests/2.27.1"
51.107.9.39 - - [29/Mar/2023:19:25:44 +0000] "GET /templates/beez5/index.php HTTP/1.1" 400 61812 "-" "python-requests/2.27.1"
51.107.9.39 - - [29/Mar/2023:19:25:52 +0000] "GET /templates/beez5/error.php HTTP/1.1" 400 61812 "-" "python-requests/2.27.1"
51.107.9.39 - - [29/Mar/2023:19:25:55 +0000] "GET /templates/beez_20/index.php HTTP/1.1" 400 61840 "-" "python-requests/2.27.1"
162.158.62.167 - - [29/Mar/2023:19:25:59 +0000] "GET / HTTP/1.1" 400 63393 "-" "Mozilla/5.0 (Windows NT 10.0; WOW64) AppleWebKit/537.36 (KHTML, like Gecko) Chrome/110.0.0.0 Safari/537.36"
51.107.9.39 - - [29/Mar/2023:19:26:00 +0000] "GET /templates/beez_20/error.php HTTP/1.1" 400 61840 "-" "python-requests/2.27.1"
51.107.9.39 - - [29/Mar/2023:19:26:02 +0000] "GET /templates/protostar/index.php HTTP/1.1" 400 61868 "-" "python-requests/2.27.1"
51.107.9.39 - - [29/Mar/2023:19:26:07 +0000] "GET /templates/protostar/error.php HTTP/1.1" 400 61868 "-" "python-requests/2.27.1"
51.107.9.39 - - [29/Mar/2023:19:26:14 +0000] "GET /templates/atomic/index.php HTTP/1.1" 400 61826 "-" "python-requests/2.27.1"
162.158.62.166 - - [29/Mar/2023:19:26:15 +0000] "GET / HTTP/1.1" 400 63180 "-" "Mozilla/5.0 (Windows NT 10.0; WOW64) AppleWebKit/537.36 (KHTML, like Gecko) Chrome/110.0.0.0 Safari/537.36"
51.107.9.39 - - [29/Mar/2023:19:26:17 +0000] "GET /templates/atomic/error.php HTTP/1.1" 400 61826 "-" "python-requests/2.27.1"
51.107.9.39 - - [29/Mar/2023:19:26:19 +0000] "GET /olux.php HTTP/1.1" 400 61574 "-" "python-requests/2.27.1"
51.107.9.39 - - [29/Mar/2023:19:26:20 +0000] "GET /indoxploit.php HTTP/1.1" 400 61658 "-" "python-requests/2.27.1"
51.107.9.39 - - [29/Mar/2023:19:26:22 +0000] "GET /indoxploit.php HTTP/1.1" 400 61658 "-" "python-requests/2.27.1"
51.107.9.39 - - [29/Mar/2023:19:26:23 +0000] "GET /wso.php HTTP/1.1" 400 61560 "-" "python-requests/2.27.1"
51.107.9.39 - - [29/Mar/2023:19:26:26 +0000] "GET /images/ HTTP/1.1" 400 61560 "-" "python-requests/2.27.1"
51.107.9.39 - - [29/Mar/2023:19:26:29 +0000] "GET /uploads/ HTTP/1.1" 400 61574 "-" "python-requests/2.27.1"
51.107.9.39 - - [29/Mar/2023:19:26:31 +0000] "GET /img/ HTTP/1.1" 400 61518 "-" "python-requests/2.27.1"
51.107.9.39 - - [29/Mar/2023:19:26:33 +0000] "GET /upload/ HTTP/1.1" 400 61560 "-" "python-requests/2.27.1"
51.107.9.39 - - [29/Mar/2023:19:26:34 +0000] "GET /gallery/ HTTP/1.1" 400 61574 "-" "python-requests/2.27.1"
51.107.9.39 - - [29/Mar/2023:19:26:48 +0000] "GET /files/ HTTP/1.1" 400 61546 "-" "python-requests/2.27.1"
51.107.9.39 - - [29/Mar/2023:19:27:03 +0000] "GET /pdf/ HTTP/1.1" 400 61518 "-" "python-requests/2.27.1"
179.43.177.242 - - [29/Mar/2023:19:27:08 +0000] "GET / HTTP/1.1" 400 61174 "-" "Hello World"
51.107.9.39 - - [29/Mar/2023:19:27:25 +0000] "GET /docs/ HTTP/1.1" 400 61528 "-" "python-requests/2.27.1"
51.107.9.39 - - [29/Mar/2023:19:27:29 +0000] "GET / HTTP/1.1" 400 61550 "-" "python-requests/2.27.1"
51.107.9.39 - - [29/Mar/2023:19:27:31 +0000] "GET /up.php HTTP/1.1" 400 61542 "-" "python-requests/2.27.1"
51.107.9.39 - - [29/Mar/2023:19:27:33 +0000] "GET /upload.php HTTP/1.1" 400 61598 "-" "python-requests/2.27.1"
51.107.9.39 - - [29/Mar/2023:19:27:35 +0000] "GET /shell.php HTTP/1.1" 400 61584 "-" "python-requests/2.27.1"
109.237.97.180 - - [29/Mar/2023:19:27:55 +0000] "GET /.env HTTP/1.1" 400 61731 "-" "Mozilla/5.0 (X11; Linux x86_64) AppleWebKit/537.36 (KHTML, like Gecko) Chrome/81.0.4044.129 Safari/537.36"
109.237.97.180 - - [29/Mar/2023:19:27:55 +0000] "\x16\x03\x01\x01H\x01" 400 484 "-" "-"
51.79.29.48 - - [29/Mar/2023:19:27:58 +0000] "POST / HTTP/1.1" 400 62367 "-" "Mozilla/5.0 (X11; Linux x86_64) AppleWebKit/537.36 (KHTML, like Gecko) Chrome/81.0.4044.129 Safari/537.36"
185.225.74.42 - - [29/Mar/2023:19:54:06 +0000] "GET / HTTP/1.1" 400 61934 "-" "Linux Gnu (cow)"
185.209.160.120 - - [29/Mar/2023:20:11:30 +0000] "POST /boaform/admin/formLogin HTTP/1.1" 400 63321 "http://104.248.59.24:80/admin/login.asp" "Mozilla/5.0 (X11; Ubuntu; Linux x86_64; rv:71.0) Gecko/20100101 Firefox/71.0"
143.110.222.166 - - [29/Mar/2023:20:14:44 +0000] "GET / HTTP/1.1" 400 61704 "-" "Mozilla/5.0 (iPhone; CPU iPhone OS 16_1 like Mac OS X) AppleWebKit/605.1.15 (KHTML, like Gecko) Version/16.1 Mobile/15E148 Safari/604.1"
143.110.222.166 - - [29/Mar/2023:20:16:40 +0000] "GET / HTTP/1.1" 400 61684 "-" "Mozilla/5.0 (iPhone; CPU iPhone OS 16_1 like Mac OS X) AppleWebKit/605.1.15 (KHTML, like Gecko) Version/16.1 Mobile/15E148 Safari/604.1"
193.32.162.159 - - [29/Mar/2023:20:20:42 +0000] "GET / HTTP/1.1" 400 62320 "-" "Mozilla/5.0 (Windows NT 10.0; Win64; x64) AppleWebKit/537.36 (KHTML, like Gecko) Chrome/90.0.4430.85 Safari/537.36 Edg/90.0.818.46"
51.79.29.48 - - [29/Mar/2023:20:26:04 +0000] "POST / HTTP/1.1" 400 62367 "-" "Mozilla/5.0 (X11; Linux x86_64) AppleWebKit/537.36 (KHTML, like Gecko) Chrome/81.0.4044.129 Safari/537.36"
90.151.171.108 - - [29/Mar/2023:20:32:13 +0000] "CONNECT check.best-proxies.ru:443 HTTP/1.1" 400 61737 "-" "Mozilla/5.0 (Windows NT 6.1; rv:16.0) Gecko/20100101 Firefox/16.0 (+https://best-proxies.ru/faq/#from)"
90.151.171.108 - - [29/Mar/2023:20:32:24 +0000] "GET http://check.best-proxies.ru/ip.php?Z74466068570Q1 HTTP/1.1" 400 62915 "https://google.com/" "Mozilla/5.0 (Windows NT 6.1; rv:16.0) Gecko/20100101 Firefox/16.0 (+https://best-proxies.ru/faq/#from)"
143.198.204.66 - - [29/Mar/2023:20:32:59 +0000] "GET /api/index.php/v1/config/application?public=true HTTP/1.1" 400 62342 "-" "python-requests/2.28.2"
45.79.172.21 - - [29/Mar/2023:20:48:31 +0000] "\x16\x03\x01" 400 484 "-" "-"
45.79.181.251 - - [29/Mar/2023:20:50:38 +0000] "\x16\x03\x01" 400 484 "-" "-"
143.110.222.166 - - [29/Mar/2023:21:01:11 +0000] "GET / HTTP/1.1" 400 61685 "-" "Mozilla/5.0 (iPhone; CPU iPhone OS 16_1 like Mac OS X) AppleWebKit/605.1.15 (KHTML, like Gecko) Version/16.1 Mobile/15E148 Safari/604.1"
162.158.62.176 - - [29/Mar/2023:21:05:46 +0000] "GET /index.html HTTP/1.1" 400 63195 "-" "Mozilla/5.0 (Windows NT 6.4; WOW64) AppleWebKit/537.36 (KHTML, like Gecko) Chrome/41.0.2225.0 Safari/537.36"
162.158.63.90 - - [29/Mar/2023:21:05:48 +0000] "GET /favicon.ico HTTP/1.1" 400 62772 "-" "Mozilla/5.0 (Windows NT 6.2) AppleWebKit/537.36 (KHTML, like Gecko) Chrome/28.0.1467.0 Safari/537.36"
193.32.162.159 - - [29/Mar/2023:21:08:17 +0000] "GET / HTTP/1.1" 400 62301 "-" "Mozilla/5.0 (Windows NT 10.0; Win64; x64) AppleWebKit/537.36 (KHTML, like Gecko) Chrome/90.0.4430.85 Safari/537.36 Edg/90.0.818.46"
95.214.235.216 - - [29/Mar/2023:21:08:18 +0000] "GET /.env HTTP/1.1" 400 61752 "-" "Mozilla/5.0 (X11; Linux x86_64) AppleWebKit/537.36 (KHTML, like Gecko) Chrome/81.0.4044.129 Safari/537.36"
95.214.235.216 - - [29/Mar/2023:21:08:22 +0000] "POST / HTTP/1.1" 400 62366 "-" "Mozilla/5.0 (X11; Linux x86_64) AppleWebKit/537.36 (KHTML, like Gecko) Chrome/81.0.4044.129 Safari/537.36"
143.110.222.166 - - [29/Mar/2023:21:13:09 +0000] "GET / HTTP/1.1" 400 61705 "-" "Mozilla/5.0 (iPhone; CPU iPhone OS 16_1 like Mac OS X) AppleWebKit/605.1.15 (KHTML, like Gecko) Version/16.1 Mobile/15E148 Safari/604.1"
139.99.61.171 - - [29/Mar/2023:21:17:28 +0000] "GET / HTTP/1.1" 400 61474 "-" "Mozilla/5.0 (Windows NT 6.1; WOW64) AppleWebKit/537.1 (KHTML, like Gecko) Chrome/21.0.1180.83 Safari/537.1"
45.79.189.190 - - [29/Mar/2023:21:31:20 +0000] "GET /api/.env HTTP/1.1" 400 61807 "-" "Mozilla/5.0 (X11; Linux x86_64) AppleWebKit/537.36 (KHTML, like Gecko) Chrome/81.0.4044.129 Safari/537.36"
45.79.189.190 - - [29/Mar/2023:21:31:52 +0000] "POST / HTTP/1.1" 400 62370 "-" "Mozilla/5.0 (X11; Linux x86_64) AppleWebKit/537.36 (KHTML, like Gecko) Chrome/81.0.4044.129 Safari/537.36"
179.43.177.242 - - [29/Mar/2023:21:32:41 +0000] "GET / HTTP/1.1" 400 61195 "-" "Hello World"
51.79.29.48 - - [29/Mar/2023:21:34:54 +0000] "POST / HTTP/1.1" 400 62368 "-" "Mozilla/5.0 (X11; Linux x86_64) AppleWebKit/537.36 (KHTML, like Gecko) Chrome/81.0.4044.129 Safari/537.36"
81.17.20.60 - - [29/Mar/2023:21:54:14 +0000] "GET / HTTP/1.1" 400 61017 "-" "-"
179.43.177.242 - - [29/Mar/2023:21:57:15 +0000] "GET / HTTP/1.1" 400 61175 "-" "Hello World"
193.32.162.159 - - [29/Mar/2023:22:03:54 +0000] "GET / HTTP/1.1" 400 62321 "-" "Mozilla/5.0 (Windows NT 10.0; Win64; x64) AppleWebKit/537.36 (KHTML, like Gecko) Chrome/90.0.4430.85 Safari/537.36 Edg/90.0.818.46"
193.32.162.159 - - [29/Mar/2023:22:08:22 +0000] "GET / HTTP/1.1" 400 62294 "-" "Mozilla/5.0 (Windows NT 10.0; Win64; x64) AppleWebKit/537.36 (KHTML, like Gecko) Chrome/90.0.4430.85 Safari/537.36 Edg/90.0.818.46"
143.110.222.166 - - [29/Mar/2023:22:10:04 +0000] "GET / HTTP/1.1" 400 61685 "-" "Mozilla/5.0 (iPhone; CPU iPhone OS 16_1 like Mac OS X) AppleWebKit/605.1.15 (KHTML, like Gecko) Version/16.1 Mobile/15E148 Safari/604.1"
162.158.63.95 - - [29/Mar/2023:22:12:12 +0000] "GET / HTTP/1.1" 400 62740 "-" "Mozilla/5.0 (Windows NT 10.0; Win64; x64) AppleWebKit/537.36 (KHTML, like Gecko) Chrome/94.0.4606.61 Safari/537.36"
162.158.63.89 - - [29/Mar/2023:22:12:13 +0000] "GET /favicon.ico HTTP/1.1" 400 62801 "-" "Mozilla/5.0 (Windows NT 10.0; Win64; x64) AppleWebKit/537.36 (KHTML, like Gecko) Chrome/94.0.4606.61 Safari/537.36"
162.158.62.176 - - [29/Mar/2023:22:12:14 +0000] "GET / HTTP/1.1" 400 62739 "-" "Mozilla/5.0 (Windows NT 10.0; Win64; x64) AppleWebKit/537.36 (KHTML, like Gecko) Chrome/94.0.4606.61 Safari/537.36"
162.158.63.90 - - [29/Mar/2023:22:12:15 +0000] "GET /favicon.ico HTTP/1.1" 400 62800 "-" "Mozilla/5.0 (Windows NT 10.0; Win64; x64) AppleWebKit/537.36 (KHTML, like Gecko) Chrome/94.0.4606.61 Safari/537.36"
143.110.222.166 - - [29/Mar/2023:22:17:00 +0000] "GET / HTTP/1.1" 400 61705 "-" "Mozilla/5.0 (iPhone; CPU iPhone OS 16_1 like Mac OS X) AppleWebKit/605.1.15 (KHTML, like Gecko) Version/16.1 Mobile/15E148 Safari/604.1"
13.52.239.61 - - [29/Mar/2023:22:29:50 +0000] "GET / HTTP/1.1" 400 61882 "-" "Mozilla/5.0 (X11; Linux x86_64) AppleWebKit/537.36 (KHTML, like Gecko) Chrome/51.0.2704.103 Safari/537.36"
14.29.181.90 - - [29/Mar/2023:22:37:50 +0000] "GET / HTTP/1.1" 400 61938 "-" "Mozilla/5.0 (iPhone; CPU iPhone OS 13_2_3 like Mac OS X) AppleWebKit/605.1.15 (KHTML, like Gecko) Version/13.0.3 Mobile/15E148 Safari/604.1"
51.79.29.48 - - [29/Mar/2023:22:44:41 +0000] "POST / HTTP/1.1" 400 62368 "-" "Mozilla/5.0 (X11; Linux x86_64) AppleWebKit/537.36 (KHTML, like Gecko) Chrome/81.0.4044.129 Safari/537.36"
172.104.11.34 - - [29/Mar/2023:22:47:22 +0000] "\x16\x03\x01" 400 484 "-" "-"
172.105.128.11 - - [29/Mar/2023:22:49:43 +0000] "\x16\x03\x01" 400 484 "-" "-"
45.81.243.34 - - [29/Mar/2023:22:54:10 +0000] "GET / HTTP/1.1" 400 61018 "-" "-"
45.81.243.34 - - [29/Mar/2023:22:54:10 +0000] "POST /HNAP1/ HTTP/1.1" 400 62085 "-" "Mozila/5.0"
45.81.243.34 - - [29/Mar/2023:22:54:11 +0000] "POST /HNAP1/ HTTP/1.1" 400 62085 "-" "Mozila/5.0"
143.110.222.166 - - [29/Mar/2023:22:56:26 +0000] "GET / HTTP/1.1" 400 61705 "-" "Mozilla/5.0 (iPhone; CPU iPhone OS 16_1 like Mac OS X) AppleWebKit/605.1.15 (KHTML, like Gecko) Version/16.1 Mobile/15E148 Safari/604.1"
111.92.22.184 - - [29/Mar/2023:23:06:01 +0000] "GET /boaform/admin/formLogin?username=adminisp&psd=adminisp HTTP/1.0" 400 61666 "-" "-"
185.180.143.6 - - [29/Mar/2023:23:07:16 +0000] "GET / HTTP/1.1" 400 61643 "-" "Mozilla/5.0 (Windows NT 10.0; Win64; x64) AppleWebKit/537.36 (KHTML, like Gecko) Chrome/60.0.3112.113 Safari/537.36"
143.110.222.166 - - [29/Mar/2023:23:08:48 +0000] "GET / HTTP/1.1" 400 61685 "-" "Mozilla/5.0 (iPhone; CPU iPhone OS 16_1 like Mac OS X) AppleWebKit/605.1.15 (KHTML, like Gecko) Version/16.1 Mobile/15E148 Safari/604.1"
193.35.18.122 - - [29/Mar/2023:23:11:25 +0000] "CONNECT google.com:443 HTTP/1.1" 400 61208 "-" "Go-http-client/1.1"
51.79.29.48 - - [29/Mar/2023:23:12:44 +0000] "POST / HTTP/1.1" 400 62368 "-" "Mozilla/5.0 (X11; Linux x86_64) AppleWebKit/537.36 (KHTML, like Gecko) Chrome/81.0.4044.129 Safari/537.36"
35.195.241.126 - - [29/Mar/2023:23:15:28 +0000] "GET / HTTP/1.1" 400 62020 "-" "python-requests/2.28.2"
162.158.62.167 - - [29/Mar/2023:23:28:08 +0000] "GET / HTTP/1.1" 400 62615 "-" "Mozilla/5.0 (Windows NT 10.0; Win64; x64) AppleWebKit/537.36 (KHTML, like Gecko) Chrome/79.0.3945.88 Safari/537.36"
162.158.62.177 - - [29/Mar/2023:23:28:08 +0000] "GET / HTTP/1.1" 400 62613 "-" "Mozilla/5.0 (Windows NT 10.0; Win64; x64) AppleWebKit/537.36 (KHTML, like Gecko) Chrome/79.0.3945.88 Safari/537.36"
185.225.74.42 - - [29/Mar/2023:23:34:00 +0000] "GET / HTTP/1.1" 400 62077 "-" "Mozilla/5.0 (X11; Ubuntu; Linux x86_64; rv:76.0) Gecko/20100101 Firefox/76.0"
162.142.125.214 - - [29/Mar/2023:23:37:20 +0000] "GET / HTTP/1.1" 400 61021 "-" "-"
162.142.125.214 - - [29/Mar/2023:23:37:20 +0000] "GET / HTTP/1.1" 400 61523 "-" "Mozilla/5.0 (compatible; CensysInspect/1.1; +https://about.censys.io/)"
162.142.125.214 - - [29/Mar/2023:23:37:20 +0000] "PRI * HTTP/2.0" 400 484 "-" "-"
3.80.46.89 - - [29/Mar/2023:23:39:02 +0000] "GET /.git/config HTTP/1.1" 400 61628 "-" "python-requests/2.25.1"
186.33.96.61 - - [29/Mar/2023:23:50:39 +0000] "GET / HTTP/1.1" 400 61540 "-" "Mozilla/5.0 (Macintosh; Intel Mac OS X 10_11_6) AppleWebKit/601.7.7 (KHTML, like Gecko) Version/9.1.2 Safari/601.7.7"
143.110.222.166 - - [30/Mar/2023:00:01:20 +0000] "GET / HTTP/1.1" 400 61702 "-" "Mozilla/5.0 (iPhone; CPU iPhone OS 16_1 like Mac OS X) AppleWebKit/605.1.15 (KHTML, like Gecko) Version/16.1 Mobile/15E148 Safari/604.1"
179.43.177.242 - - [30/Mar/2023:00:02:02 +0000] "GET / HTTP/1.1" 400 61172 "-" "Hello World"
95.214.235.216 - - [30/Mar/2023:00:08:52 +0000] "GET /.env HTTP/1.1" 400 61749 "-" "Mozilla/5.0 (X11; Linux x86_64) AppleWebKit/537.36 (KHTML, like Gecko) Chrome/81.0.4044.129 Safari/537.36"
179.43.177.242 - - [30/Mar/2023:00:13:24 +0000] "GET / HTTP/1.1" 400 61192 "-" "Hello World"
143.110.222.166 - - [30/Mar/2023:00:14:56 +0000] "GET / HTTP/1.1" 400 61682 "-" "Mozilla/5.0 (iPhone; CPU iPhone OS 16_1 like Mac OS X) AppleWebKit/605.1.15 (KHTML, like Gecko) Version/16.1 Mobile/15E148 Safari/604.1"
193.142.146.214 - - [30/Mar/2023:00:31:47 +0000] "GET / HTTP/1.1" 400 61954 "-" "Linux Gnu (cow)"
51.79.29.48 - - [30/Mar/2023:00:33:15 +0000] "POST / HTTP/1.1" 400 62365 "-" "Mozilla/5.0 (X11; Linux x86_64) AppleWebKit/537.36 (KHTML, like Gecko) Chrome/81.0.4044.129 Safari/537.36"
45.95.55.150 - - [30/Mar/2023:00:34:23 +0000] "GET / HTTP/1.1" 400 62228 "http://104.248.59.24:80/left.html" "Mozilla/5.0 (X11; Ubuntu; Linux x86_64; rv:77.0) Gecko/20100101 Firefox/77.0"
45.93.16.15 - - [30/Mar/2023:00:34:45 +0000] "GET / HTTP/1.1" 400 61419 "-" "libwww-perl/6.67"
162.158.63.102 - - [30/Mar/2023:00:38:24 +0000] "GET / HTTP/1.1" 400 62738 "-" "Mozilla/5.0 (Windows NT 10.0; Win64; x64) AppleWebKit/537.36 (KHTML, like Gecko) Chrome/79.0.3945.130 Safari/537.36"
193.32.162.159 - - [30/Mar/2023:00:43:56 +0000] "GET / HTTP/1.1" 400 62319 "-" "Mozilla/5.0 (Windows NT 10.0; Win64; x64) AppleWebKit/537.36 (KHTML, like Gecko) Chrome/90.0.4430.85 Safari/537.36 Edg/90.0.818.46"
45.79.181.104 - - [30/Mar/2023:00:47:13 +0000] "\x16\x03\x01" 400 484 "-" "-"
20.38.7.174 - - [30/Mar/2023:00:48:33 +0000] "GET /.env HTTP/1.1" 400 61727 "-" "Mozilla/5.0 (X11; Linux x86_64) AppleWebKit/537.36 (KHTML, like Gecko) Chrome/81.0.4044.129 Safari/537.36"
20.38.7.174 - - [30/Mar/2023:00:48:33 +0000] "POST / HTTP/1.1" 400 62346 "-" "Mozilla/5.0 (X11; Linux x86_64) AppleWebKit/537.36 (KHTML, like Gecko) Chrome/81.0.4044.129 Safari/537.36"
162.158.63.155 - - [30/Mar/2023:00:55:29 +0000] "GET /Gabriela-Coletta HTTP/1.1" 500 109104 "https://politician.vianne.dev/" "Mozilla/5.0 (Macintosh; Intel Mac OS X 10_15_7) AppleWebKit/605.1.15 (KHTML, like Gecko) Version/16.1 Safari/605.1.15"
162.158.63.155 - - [30/Mar/2023:00:57:03 +0000] "GET /Gabriela-Coletta HTTP/1.1" 500 109104 "https://politician.vianne.dev/" "Mozilla/5.0 (Macintosh; Intel Mac OS X 10_15_7) AppleWebKit/605.1.15 (KHTML, like Gecko) Version/16.1 Safari/605.1.15"
90.151.171.106 - - [30/Mar/2023:00:58:03 +0000] "CONNECT checkip.amazonaws.com:443 HTTP/1.1" 400 61739 "-" "Mozilla/5.0 (Windows NT 6.1; rv:16.0) Gecko/20100101 Firefox/16.0 (+https://best-proxies.ru/faq/#from)"
90.151.171.106 - - [30/Mar/2023:00:58:13 +0000] "GET http://checkip.amazonaws.com?Z70258901671Q1 HTTP/1.1" 400 62925 "https://google.com/" "Mozilla/5.0 (Windows NT 6.1; rv:16.0) Gecko/20100101 Firefox/16.0 (+https://best-proxies.ru/faq/#from)"
162.158.62.22 - - [30/Mar/2023:00:59:36 +0000] "GET /Gabriela-Coletta HTTP/1.1" 500 109103 "https://politician.vianne.dev/" "Mozilla/5.0 (Macintosh; Intel Mac OS X 10_15_7) AppleWebKit/605.1.15 (KHTML, like Gecko) Version/16.1 Safari/605.1.15"
162.158.62.23 - - [30/Mar/2023:01:00:06 +0000] "GET /Gabriela-Coletta HTTP/1.1" 500 109102 "https://politician.vianne.dev/" "Mozilla/5.0 (Macintosh; Intel Mac OS X 10_15_7) AppleWebKit/605.1.15 (KHTML, like Gecko) Version/16.1 Safari/605.1.15"
162.158.63.111 - - [30/Mar/2023:01:04:25 +0000] "GET /Gabriela-Coletta HTTP/1.1" 500 109103 "https://politician.vianne.dev/" "Mozilla/5.0 (Macintosh; Intel Mac OS X 10_15_7) AppleWebKit/605.1.15 (KHTML, like Gecko) Version/16.1 Safari/605.1.15"
162.158.63.111 - - [30/Mar/2023:01:04:27 +0000] "GET /Gabriela-Coletta HTTP/1.1" 500 109102 "https://politician.vianne.dev/" "Mozilla/5.0 (Macintosh; Intel Mac OS X 10_15_7) AppleWebKit/605.1.15 (KHTML, like Gecko) Version/16.1 Safari/605.1.15"
162.158.63.111 - - [30/Mar/2023:01:04:57 +0000] "GET /Gabriela-Coletta HTTP/1.1" 500 109103 "https://politician.vianne.dev/" "Mozilla/5.0 (Macintosh; Intel Mac OS X 10_15_7) AppleWebKit/605.1.15 (KHTML, like Gecko) Version/16.1 Safari/605.1.15"
45.79.181.94 - - [30/Mar/2023:01:05:18 +0000] "\x16\x03\x01" 400 484 "-" "-"
162.158.62.22 - - [30/Mar/2023:01:08:08 +0000] "GET /Gabriela-Coletta HTTP/1.1" 200 3164 "https://politician.vianne.dev/" "Mozilla/5.0 (Macintosh; Intel Mac OS X 10_15_7) AppleWebKit/605.1.15 (KHTML, like Gecko) Version/16.1 Safari/605.1.15"
162.158.63.130 - - [30/Mar/2023:01:08:09 +0000] "GET /static/css/politician.css HTTP/1.1" 200 1015 "https://politician.vianne.dev/Gabriela-Coletta" "Mozilla/5.0 (Macintosh; Intel Mac OS X 10_15_7) AppleWebKit/605.1.15 (KHTML, like Gecko) Version/16.1 Safari/605.1.15"
162.158.62.23 - - [30/Mar/2023:01:08:22 +0000] "GET / HTTP/1.1" 200 2139 "https://politician.vianne.dev/Gabriela-Coletta" "Mozilla/5.0 (Macintosh; Intel Mac OS X 10_15_7) AppleWebKit/605.1.15 (KHTML, like Gecko) Version/16.1 Safari/605.1.15"
162.158.62.4 - - [30/Mar/2023:01:08:22 +0000] "GET /static/css/index.css HTTP/1.1" 200 1294 "https://politician.vianne.dev/" "Mozilla/5.0 (Macintosh; Intel Mac OS X 10_15_7) AppleWebKit/605.1.15 (KHTML, like Gecko) Version/16.1 Safari/605.1.15"
162.158.62.23 - - [30/Mar/2023:01:08:29 +0000] "GET /Michael-Flaherty HTTP/1.1" 200 3169 "https://politician.vianne.dev/" "Mozilla/5.0 (Macintosh; Intel Mac OS X 10_15_7) AppleWebKit/605.1.15 (KHTML, like Gecko) Version/16.1 Safari/605.1.15"
162.158.62.166 - - [30/Mar/2023:01:08:31 +0000] "GET / HTTP/1.1" 400 62942 "-" "Mozilla/5.0 (Macintosh; Intel Mac OS X 10_15_7) AppleWebKit/605.1.15 (KHTML, like Gecko) Version/16.1 Safari/605.1.15"
45.95.55.150 - - [30/Mar/2023:01:14:06 +0000] "GET / HTTP/1.1" 400 62207 "http://45.55.107.52:80/left.html" "Mozilla/5.0 (X11; Ubuntu; Linux x86_64; rv:77.0) Gecko/20100101 Firefox/77.0"
162.158.63.155 - - [30/Mar/2023:01:15:03 +0000] "GET / HTTP/1.1" 200 2142 "-" "Mozilla/5.0 (iPhone; CPU iPhone OS 16_3_1 like Mac OS X) AppleWebKit/605.1.15 (KHTML, like Gecko) Version/16.3 Mobile/15E148 Safari/604.1"
162.158.62.109 - - [30/Mar/2023:01:15:04 +0000] "GET /favicon.ico HTTP/1.1" 404 2977 "https://politician.vianne.dev/" "Mozilla/5.0 (iPhone; CPU iPhone OS 16_3_1 like Mac OS X) AppleWebKit/605.1.15 (KHTML, like Gecko) Version/16.3 Mobile/15E148 Safari/604.1"
162.158.63.156 - - [30/Mar/2023:01:15:26 +0000] "GET /Michael-Flaherty HTTP/1.1" 200 3169 "https://politician.vianne.dev/" "Mozilla/5.0 (iPhone; CPU iPhone OS 16_3_1 like Mac OS X) AppleWebKit/605.1.15 (KHTML, like Gecko) Version/16.3 Mobile/15E148 Safari/604.1"
143.110.222.166 - - [30/Mar/2023:01:16:32 +0000] "GET / HTTP/1.1" 400 61682 "-" "Mozilla/5.0 (iPhone; CPU iPhone OS 16_1 like Mac OS X) AppleWebKit/605.1.15 (KHTML, like Gecko) Version/16.1 Mobile/15E148 Safari/604.1"
143.110.222.166 - - [30/Mar/2023:01:17:06 +0000] "GET / HTTP/1.1" 400 61703 "-" "Mozilla/5.0 (iPhone; CPU iPhone OS 16_1 like Mac OS X) AppleWebKit/605.1.15 (KHTML, like Gecko) Version/16.1 Mobile/15E148 Safari/604.1"
161.97.118.28 - - [30/Mar/2023:01:18:23 +0000] "GET / HTTP/1.1" 400 61408 "-" "Python/3.6 aiohttp/3.5.4"
45.81.243.34 - - [30/Mar/2023:01:21:43 +0000] "GET / HTTP/1.1" 400 61016 "-" "-"
45.81.243.34 - - [30/Mar/2023:01:21:44 +0000] "POST /HNAP1/ HTTP/1.1" 400 62083 "-" "Mozila/5.0"
45.81.243.34 - - [30/Mar/2023:01:21:44 +0000] "POST /HNAP1/ HTTP/1.1" 400 62083 "-" "Mozila/5.0"
51.79.29.48 - - [30/Mar/2023:01:25:22 +0000] "POST / HTTP/1.1" 400 62366 "-" "Mozilla/5.0 (X11; Linux x86_64) AppleWebKit/537.36 (KHTML, like Gecko) Chrome/81.0.4044.129 Safari/537.36"
162.158.63.96 - - [30/Mar/2023:01:27:16 +0000] "GET /politicians HTTP/1.1" 400 63107 "-" "Mozilla/5.0 (Macintosh; Intel Mac OS X 10_15_7) AppleWebKit/605.1.15 (KHTML, like Gecko) Version/16.1 Safari/605.1.15"
45.95.55.150 - - [30/Mar/2023:01:29:19 +0000] "GET / HTTP/1.1" 400 62229 "http://104.248.59.24:80/left.html" "Mozilla/5.0 (X11; Ubuntu; Linux x86_64; rv:77.0) Gecko/20100101 Firefox/77.0"
162.158.63.95 - - [30/Mar/2023:01:29:59 +0000] "GET / HTTP/1.1" 400 62616 "-" "Mozilla/5.0 (Windows NT 10.0; Win64; x64) AppleWebKit/537.36 (KHTML, like Gecko) Chrome/63.0.3239.132 Safari/537.36"
162.158.63.95 - - [30/Mar/2023:01:29:59 +0000] "GET / HTTP/1.1" 400 62614 "-" "Mozilla/5.0 (Windows NT 10.0; Win64; x64) AppleWebKit/537.36 (KHTML, like Gecko) Chrome/63.0.3239.132 Safari/537.36"
179.43.177.242 - - [30/Mar/2023:01:40:44 +0000] "GET / HTTP/1.1" 400 61174 "-" "Hello World"
185.209.160.120 - - [30/Mar/2023:01:45:05 +0000] "POST /boaform/admin/formLogin HTTP/1.1" 400 63299 "http://45.55.107.52:80/admin/login.asp" "Mozilla/5.0 (X11; Ubuntu; Linux x86_64; rv:71.0) Gecko/20100101 Firefox/71.0"
20.119.250.210 - - [30/Mar/2023:01:48:27 +0000] "GET /.env HTTP/1.1" 400 61751 "-" "Mozilla/5.0 (X11; Linux x86_64) AppleWebKit/537.36 (KHTML, like Gecko) Chrome/81.0.4044.129 Safari/537.36"
20.119.250.210 - - [30/Mar/2023:01:48:27 +0000] "POST / HTTP/1.1" 400 62370 "-" "Mozilla/5.0 (X11; Linux x86_64) AppleWebKit/537.36 (KHTML, like Gecko) Chrome/81.0.4044.129 Safari/537.36"
179.43.177.242 - - [30/Mar/2023:01:50:58 +0000] "GET / HTTP/1.1" 400 61194 "-" "Hello World"
167.172.106.89 - - [30/Mar/2023:01:56:33 +0000] "GET /.env HTTP/1.1" 400 61669 "-" "Mozilla/5.0 (Macintosh; Intel Mac OS X 10.15; rv:77.0) Gecko/20100101 Firefox/77.0"
167.172.106.89 - - [30/Mar/2023:01:56:34 +0000] "GET /wp-content/ HTTP/1.1" 400 61767 "-" "Mozilla/5.0 (Macintosh; Intel Mac OS X 10.15; rv:77.0) Gecko/20100101 Firefox/77.0"
162.158.63.90 - - [30/Mar/2023:01:57:28 +0000] "GET /favicon.ico HTTP/1.1" 400 62827 "-" "Mozilla/5.0 (Windows NT 10.0; Win64; x64) AppleWebKit/537.36 (KHTML, like Gecko) Chrome/106.0.0.0 Safari/537.36 Edg/106.0.1370.37"
162.158.63.95 - - [30/Mar/2023:01:57:28 +0000] "GET / HTTP/1.1" 400 62751 "-" "Mozilla/5.0 (Linux; Android 10; SM-G981B) AppleWebKit/537.36 (KHTML, like Gecko) Chrome/80.0.3987.162 Mobile Safari/537.36"
162.158.62.167 - - [30/Mar/2023:02:01:34 +0000] "GET / HTTP/1.1" 400 62738 "-" "Mozilla/5.0 (Macintosh; Intel Mac OS X 13_0) AppleWebKit/537.36 (KHTML, like Gecko) Chrome/107.0.0.0 Safari/537.36"
45.95.55.150 - - [30/Mar/2023:02:03:03 +0000] "GET / HTTP/1.1" 400 62209 "http://45.55.107.52:80/left.html" "Mozilla/5.0 (X11; Ubuntu; Linux x86_64; rv:77.0) Gecko/20100101 Firefox/77.0"
143.110.222.166 - - [30/Mar/2023:02:08:51 +0000] "GET / HTTP/1.1" 400 61704 "-" "Mozilla/5.0 (iPhone; CPU iPhone OS 16_1 like Mac OS X) AppleWebKit/605.1.15 (KHTML, like Gecko) Version/16.1 Mobile/15E148 Safari/604.1"
143.110.222.166 - - [30/Mar/2023:02:11:40 +0000] "GET / HTTP/1.1" 400 61684 "-" "Mozilla/5.0 (iPhone; CPU iPhone OS 16_1 like Mac OS X) AppleWebKit/605.1.15 (KHTML, like Gecko) Version/16.1 Mobile/15E148 Safari/604.1"
45.93.16.15 - - [30/Mar/2023:02:12:00 +0000] "GET / HTTP/1.1" 400 61421 "-" "libwww-perl/6.67"
193.32.162.159 - - [30/Mar/2023:02:13:15 +0000] "GET / HTTP/1.1" 400 62320 "-" "Mozilla/5.0 (Windows NT 10.0; Win64; x64) AppleWebKit/537.36 (KHTML, like Gecko) Chrome/90.0.4430.85 Safari/537.36 Edg/90.0.818.46"
64.62.197.148 - - [30/Mar/2023:02:17:52 +0000] "GET / HTTP/1.1" 400 61670 "-" "Mozilla/5.0 (Windows NT 10.0; Win64; x64) AppleWebKit/537.36 (KHTML, like Gecko) Chrome/109.0.0.0 Safari/537.36 Edg/109.0.1518.70"
64.62.197.148 - - [30/Mar/2023:02:19:35 +0000] "GET /geoserver/web/ HTTP/1.1" 400 61774 "-" "Mozilla/5.0 (Windows NT 10.0; Win64; x64) AppleWebKit/537.36 (KHTML, like Gecko) Chrome/109.0.0.0 Safari/537.36 Edg/109.0.1518.70"
101.36.97.125 - - [30/Mar/2023:02:28:37 +0000] "\x16\x03\x01\x01\t\x01" 400 484 "-" "-"
101.36.97.125 - - [30/Mar/2023:02:28:48 +0000] "GET / HTTP/1.1" 400 61009 "-" "-"
101.36.97.125 - - [30/Mar/2023:02:29:01 +0000] "GET /favicon.ico HTTP/1.1" 400 61606 "-" "Mozilla/5.0 (Macintosh; Intel Mac OS X 10_7_0) AppleWebKit/535.11 (KHTML, like Gecko) Chrome/17.0.963.56 Safari/535.11"
101.36.97.125 - - [30/Mar/2023:02:29:02 +0000] "GET /robots.txt HTTP/1.1" 400 61592 "-" "Mozilla/5.0 (Macintosh; Intel Mac OS X 10_7_0) AppleWebKit/535.11 (KHTML, like Gecko) Chrome/17.0.963.56 Safari/535.11"
101.36.97.125 - - [30/Mar/2023:02:29:05 +0000] "GET /sitemap.xml HTTP/1.1" 400 61606 "-" "Mozilla/5.0 (Macintosh; Intel Mac OS X 10_7_0) AppleWebKit/535.11 (KHTML, like Gecko) Chrome/17.0.963.56 Safari/535.11"
45.95.55.150 - - [30/Mar/2023:02:43:58 +0000] "GET / HTTP/1.1" 400 62230 "http://104.248.59.24:80/left.html" "Mozilla/5.0 (X11; Ubuntu; Linux x86_64; rv:77.0) Gecko/20100101 Firefox/77.0"
162.158.62.167 - - [30/Mar/2023:02:44:06 +0000] "GET / HTTP/1.1" 400 62855 "-" "Mozilla/5.0 (iPhone; CPU iPhone OS 13_2_3 like Mac OS X) AppleWebKit/605.1.15 (KHTML, like Gecko) Version/13.0.3 Mobile/15E148 Safari/604.1"
193.32.162.159 - - [30/Mar/2023:02:45:40 +0000] "GET / HTTP/1.1" 400 62300 "-" "Mozilla/5.0 (Windows NT 10.0; Win64; x64) AppleWebKit/537.36 (KHTML, like Gecko) Chrome/90.0.4430.85 Safari/537.36 Edg/90.0.818.46"
24.199.116.194 - - [30/Mar/2023:02:45:53 +0000] "HEAD / HTTP/1.1" 400 260 "-" "python-requests/2.22.0"
24.199.116.194 - - [30/Mar/2023:02:45:55 +0000] "GET /_profiler/phpinfo HTTP/1.1" 400 61911 "-" "Mozilla/5.0 (X11 Linux x86_64) AppleWebKit/537.36 (KHTML, like Gecko) Chrome/81.0.4044.129 Safari/537.36"
24.199.116.194 - - [30/Mar/2023:02:45:58 +0000] "GET /.flaskenv HTTP/1.1" 400 61799 "-" "Mozilla/5.0 (X11 Linux x86_64) AppleWebKit/537.36 (KHTML, like Gecko) Chrome/81.0.4044.129 Safari/537.36"
24.199.116.194 - - [30/Mar/2023:02:46:00 +0000] "GET //config/config.js HTTP/1.1" 400 61898 "-" "Mozilla/5.0 (X11 Linux x86_64) AppleWebKit/537.36 (KHTML, like Gecko) Chrome/81.0.4044.129 Safari/537.36"
24.199.116.194 - - [30/Mar/2023:02:46:04 +0000] "GET /config/config.json HTTP/1.1" 400 61925 "-" "Mozilla/5.0 (X11 Linux x86_64) AppleWebKit/537.36 (KHTML, like Gecko) Chrome/81.0.4044.129 Safari/537.36"
24.199.116.194 - - [30/Mar/2023:02:46:12 +0000] "GET /config.inc.php HTTP/1.1" 400 61869 "-" "Mozilla/5.0 (X11 Linux x86_64) AppleWebKit/537.36 (KHTML, like Gecko) Chrome/81.0.4044.129 Safari/537.36"
172.104.11.51 - - [30/Mar/2023:02:46:28 +0000] "\x16\x03\x01" 400 484 "-" "-"
44.212.92.219 - - [30/Mar/2023:02:50:10 +0000] "\x16\x03\x01" 400 484 "-" "-"
44.212.92.219 - - [30/Mar/2023:02:50:10 +0000] "\x16\x03\x01" 400 484 "-" "-"
44.212.92.219 - - [30/Mar/2023:02:50:10 +0000] "\x16\x03\x01" 400 484 "-" "-"
44.212.92.219 - - [30/Mar/2023:02:50:10 +0000] "\x16\x03\x01" 400 484 "-" "-"
44.212.92.219 - - [30/Mar/2023:02:50:10 +0000] "\x16\x03\x01" 400 484 "-" "-"
44.212.92.219 - - [30/Mar/2023:02:50:10 +0000] "GET / HTTP/1.1" 400 61552 "-" "Mozilla/5.0 (Windows NT 10.0; Win64; x64) AppleWebKit/537.36 (KHTML, like Gecko) Chrome/110.0.0.0 Safari/537.36"
44.212.92.219 - - [30/Mar/2023:02:50:10 +0000] "GET /aaaaaaaaaaaaaaaaaaaaaaaaaqr HTTP/1.1" 400 61948 "-" "Mozilla/5.0 (Windows NT 10.0; Win64; x64) AppleWebKit/537.36 (KHTML, like Gecko) Chrome/110.0.0.0 Safari/537.36"
44.212.92.219 - - [30/Mar/2023:02:50:10 +0000] "GET /robots.txt HTTP/1.1" 400 61599 "-" "Mozilla/5.0 (Windows NT 10.0; Win64; x64) AppleWebKit/537.36 (KHTML, like Gecko) Chrome/110.0.0.0 Safari/537.36"
44.212.92.219 - - [30/Mar/2023:02:50:10 +0000] "GET /robots.txt HTTP/1.1" 400 61606 "-" "Mozilla/5.0 (Windows NT 10.0; Win64; x64) AppleWebKit/537.36 (KHTML, like Gecko) Chrome/110.0.0.0 Safari/537.36"
44.212.92.219 - - [30/Mar/2023:02:50:10 +0000] "GET /gate.php HTTP/1.1" 400 61578 "-" "Mozilla/5.0 (Windows NT 10.0; Win64; x64) AppleWebKit/537.36 (KHTML, like Gecko) Chrome/110.0.0.0 Safari/537.36"
192.155.90.118 - - [30/Mar/2023:02:57:33 +0000] "\x16\x03\x01" 400 484 "-" "-"
51.79.29.48 - - [30/Mar/2023:02:59:41 +0000] "POST / HTTP/1.1" 400 62366 "-" "Mozilla/5.0 (X11; Linux x86_64) AppleWebKit/537.36 (KHTML, like Gecko) Chrome/81.0.4044.129 Safari/537.36"
14.29.181.90 - - [30/Mar/2023:03:03:20 +0000] "GET / HTTP/1.1" 400 62067 "-" "Mozilla/5.0 (iPhone; CPU iPhone OS 13_2_3 like Mac OS X) AppleWebKit/605.1.15 (KHTML, like Gecko) Version/13.0.3 Mobile/15E148 Safari/604.1"
95.214.235.216 - - [30/Mar/2023:03:07:55 +0000] "GET /.env HTTP/1.1" 400 61750 "-" "Mozilla/5.0 (X11; Linux x86_64) AppleWebKit/537.36 (KHTML, like Gecko) Chrome/81.0.4044.129 Safari/537.36"
95.214.235.216 - - [30/Mar/2023:03:07:59 +0000] "POST / HTTP/1.1" 400 62364 "-" "Mozilla/5.0 (X11; Linux x86_64) AppleWebKit/537.36 (KHTML, like Gecko) Chrome/81.0.4044.129 Safari/537.36"
143.110.222.166 - - [30/Mar/2023:03:09:01 +0000] "GET / HTTP/1.1" 400 61683 "-" "Mozilla/5.0 (iPhone; CPU iPhone OS 16_1 like Mac OS X) AppleWebKit/605.1.15 (KHTML, like Gecko) Version/16.1 Mobile/15E148 Safari/604.1"
143.110.222.166 - - [30/Mar/2023:03:09:05 +0000] "GET / HTTP/1.1" 400 61703 "-" "Mozilla/5.0 (iPhone; CPU iPhone OS 16_1 like Mac OS X) AppleWebKit/605.1.15 (KHTML, like Gecko) Version/16.1 Mobile/15E148 Safari/604.1"
45.95.55.150 - - [30/Mar/2023:03:16:25 +0000] "GET / HTTP/1.1" 400 62208 "http://45.55.107.52:80/left.html" "Mozilla/5.0 (X11; Ubuntu; Linux x86_64; rv:77.0) Gecko/20100101 Firefox/77.0"
137.184.217.131 - - [30/Mar/2023:03:18:51 +0000] "GET /auth.asp HTTP/1.1" 400 61463 "-" "Mozilla/5.0 zgrab/0.x"
68.183.205.156 - - [30/Mar/2023:03:25:38 +0000] "GET /auth.asp HTTP/1.1" 400 61442 "-" "Mozilla/5.0 zgrab/0.x"
34.79.57.245 - - [30/Mar/2023:03:27:36 +0000] "GET / HTTP/1.1" 400 62033 "-" "python-requests/2.28.2"
18.116.25.173 - - [30/Mar/2023:03:36:42 +0000] "GET /.git/config HTTP/1.1" 400 61753 "-" "Mozilla/5.0 (X11; Ubuntu; Linux x86_64; rv:35.0) Gecko/20100101 Firefox/35.0"
180.149.125.165 - - [30/Mar/2023:03:40:56 +0000] "GET /stalker_portal/server/tools/auth_simple.php HTTP/1.1" 400 62149 "-" "Mozilla/5.0 (Windows NT 5.1; Win64; x64) AppleWebKit/537.36 (KHTML, like Gecko) Chrome/60.0.3112.90 Safari/537.36"
45.133.74.125 - - [30/Mar/2023:03:45:06 +0000] "GET / HTTP/1.1" 400 61567 "-" "python-requests/2.28.1"
45.133.74.125 - - [30/Mar/2023:03:45:06 +0000] "GET /_profiler/empty/search/results HTTP/1.1" 400 61895 "-" "python-requests/2.28.1"
45.95.55.150 - - [30/Mar/2023:03:55:54 +0000] "GET / HTTP/1.1" 400 62208 "http://45.55.107.52:80/left.html" "Mozilla/5.0 (X11; Ubuntu; Linux x86_64; rv:77.0) Gecko/20100101 Firefox/77.0"
198.58.122.115 - - [30/Mar/2023:03:56:28 +0000] "\x16\x03" 400 484 "-" "-"
198.58.122.115 - - [30/Mar/2023:03:56:28 +0000] "GET /RsAV HTTP/1.1" 400 61341 "-" "Mozilla/5.0"
198.58.122.115 - - [30/Mar/2023:03:56:29 +0000] "GET /1jaa HTTP/1.1" 400 61341 "-" "Mozilla/5.0"
143.110.222.166 - - [30/Mar/2023:04:01:00 +0000] "GET / HTTP/1.1" 400 61683 "-" "Mozilla/5.0 (iPhone; CPU iPhone OS 16_1 like Mac OS X) AppleWebKit/605.1.15 (KHTML, like Gecko) Version/16.1 Mobile/15E148 Safari/604.1"
51.79.29.48 - - [30/Mar/2023:04:11:50 +0000] "POST / HTTP/1.1" 400 62366 "-" "Mozilla/5.0 (X11; Linux x86_64) AppleWebKit/537.36 (KHTML, like Gecko) Chrome/81.0.4044.129 Safari/537.36"
143.110.222.166 - - [30/Mar/2023:04:15:41 +0000] "GET / HTTP/1.1" 400 61704 "-" "Mozilla/5.0 (iPhone; CPU iPhone OS 16_1 like Mac OS X) AppleWebKit/605.1.15 (KHTML, like Gecko) Version/16.1 Mobile/15E148 Safari/604.1"
113.11.2.195 - - [30/Mar/2023:04:19:39 +0000] "GET / HTTP/1.1" 400 61527 "-" "Mozilla/5.0 (Windows NT 10.0; WOW64) AppleWebKit/537.36 (KHTML, like Gecko) Chrome/52.0.2743.116 Safari/537.36"
193.32.162.159 - - [30/Mar/2023:04:20:44 +0000] "GET / HTTP/1.1" 400 62300 "-" "Mozilla/5.0 (Windows NT 10.0; Win64; x64) AppleWebKit/537.36 (KHTML, like Gecko) Chrome/90.0.4430.85 Safari/537.36 Edg/90.0.818.46"
51.79.29.48 - - [30/Mar/2023:04:25:18 +0000] "POST / HTTP/1.1" 400 62367 "-" "Mozilla/5.0 (X11; Linux x86_64) AppleWebKit/537.36 (KHTML, like Gecko) Chrome/81.0.4044.129 Safari/537.36"
178.128.158.199 - - [30/Mar/2023:04:28:52 +0000] "\x16\x03\x01" 400 484 "-" "-"
178.128.158.199 - - [30/Mar/2023:04:28:52 +0000] "\x16\x03\x01" 400 484 "-" "-"
178.128.158.199 - - [30/Mar/2023:04:28:52 +0000] "GET / HTTP/1.1" 400 61636 "-" "Mozilla/5.0 (Windows NT 10.0; Win64; x64) AppleWebKit/537.36 (KHTML, like Gecko) Chrome/108.0.0.0 Safari/537.36"
178.128.158.199 - - [30/Mar/2023:04:28:53 +0000] "GET /client/get_targets HTTP/1.1" 400 61796 "-" "Mozilla/5.0 (Windows NT 10.0; Win64; x64) AppleWebKit/537.36 (KHTML, like Gecko) Chrome/108.0.0.0 Safari/537.36"
178.128.158.199 - - [30/Mar/2023:04:28:53 +0000] "GET /upl.php HTTP/1.1" 400 61410 "-" "Mozilla/5.0"
